../Inc/core_cm4.h:1809:22:__NVIC_SetPriority	16	static
../drivers/Src/spi_driver.c:8:6:SPI_PclkControl	16	static
../drivers/Src/spi_driver.c:34:6:SPI_Init	24	static
../drivers/Src/spi_driver.c:78:6:SPI_Deinit	16	static
../drivers/Src/spi_driver.c:88:9:SPI_GetFlagStatus	16	static
../drivers/Src/spi_driver.c:100:6:SPI_SendData	24	static
../drivers/Src/spi_driver.c:116:6:SPI_ReceiveData	24	static
../drivers/Src/spi_driver.c:131:6:SPI_TransmitReceive	24	static
../drivers/Src/spi_driver.c:154:6:SPI_PeripheralControl	16	static
../drivers/Src/spi_driver.c:166:7:SPI_SSIConfig	16	static
../drivers/Src/spi_driver.c:177:7:SPI_SSOEConfig	16	static
../drivers/Src/spi_driver.c:191:9:SPI_SendData_IT	24	static
../drivers/Src/spi_driver.c:209:9:SPI_ReceiveData_IT	24	static
../drivers/Src/spi_driver.c:231:6:SPI_IRQConfig	16	static
../drivers/Src/spi_driver.c:251:6:SPI_IRQHandling	24	static
../drivers/Src/spi_driver.c:276:6:spi_txe_IT_handle	16	static
../drivers/Src/spi_driver.c:292:6:spi_rxe_IT_handle	16	static
../drivers/Src/spi_driver.c:308:6:SPI_ApplicationEventCallback	16	static
